2025-10-30 10:06:39 - INFO: --- 起動 ---
2025-10-30 10:06:39 - INFO: ChromeDriverの確認を開始...
2025-10-30 10:06:39 - ERROR: ChromeDriverの取得に失敗: ChromeDriverManager.__init__() got an unexpected keyword argument 'cache_valid_range'
2025-10-30 10:08:23 - INFO: --- 起動 ---
2025-10-30 10:08:23 - INFO: ChromeDriverの確認を開始...
2025-10-30 10:08:33 - INFO: ChromeDriver: ダウンロード完了 (9.83秒)
2025-10-30 10:08:33 - INFO: ChromeDriverパス: C:\Users\user\.wdm\drivers\chromedriver\win64\141.0.7390.122\chromedriver-win32/chromedriver.exe
2025-10-30 10:08:38 - INFO: ログインに成功しました。
2025-10-30 10:08:38 - INFO: ---スクリプトを終了します。ブラウザは開いたまま残ります。---
2025-10-30 10:08:53 - INFO: --- 起動 ---
2025-10-30 10:08:53 - INFO: ChromeDriverの確認を開始...
2025-10-30 10:08:56 - INFO: ChromeDriver: ダウンロード完了 (3.17秒)
2025-10-30 10:08:56 - INFO: ChromeDriverパス: C:\Users\user\.wdm\drivers\chromedriver\win64\141.0.7390.122\chromedriver-win32/chromedriver.exe
2025-10-30 10:08:59 - INFO: ログインに成功しました。
2025-10-30 10:08:59 - INFO: ---スクリプトを終了します。ブラウザは開いたまま残ります。---
2025-10-30 11:11:20 - INFO: --- 起動 ---
2025-10-30 11:11:20 - INFO: ChromeDriverの確認を開始...
2025-10-30 11:11:24 - INFO: ChromeDriverパス: C:\Users\user\.wdm\drivers\chromedriver\win64\141.0.7390.122\chromedriver-win32/chromedriver.exe
2025-10-30 11:11:29 - INFO: ログインに成功しました。
2025-10-30 11:11:29 - INFO: ---スクリプトを終了します。ブラウザは開いたまま残ります。---
2025-10-30 11:36:56 - INFO: --- 起動 ---
2025-10-30 11:36:56 - INFO: 設定ファイル読み込み: C:\Users\user\Desktop\pochiNavi\config.json
2025-10-30 11:36:56 - INFO: ChromeDriverの確認を開始...
2025-10-30 11:36:56 - ERROR: ChromeDriverの取得に失敗: ChromeDriverManager.__init__() got an unexpected keyword argument 'cache_valid_range'
2025-10-30 11:44:09 - INFO: --- 起動 ---
2025-10-30 11:44:09 - INFO: ChromeDriverの確認を開始...
2025-10-30 11:44:13 - INFO: ChromeDriverパス: C:\Users\user\.wdm\drivers\chromedriver\win64\141.0.7390.122\chromedriver-win32/chromedriver.exe
2025-10-30 11:44:32 - ERROR: ログイン後のページ遷移を確認できませんでした。
2025-10-30 11:44:32 - INFO: ---スクリプトを終了します。ブラウザは開いたまま残ります。---
2025-10-30 11:45:06 - INFO: --- 起動 ---
2025-10-30 11:45:06 - INFO: ChromeDriverの確認を開始...
2025-10-30 11:45:09 - INFO: ChromeDriverパス: C:\Users\user\.wdm\drivers\chromedriver\win64\141.0.7390.122\chromedriver-win32/chromedriver.exe
2025-10-30 11:45:28 - ERROR: ログイン後のページ遷移を確認できませんでした。
2025-10-30 11:45:28 - INFO: ---スクリプトを終了します。ブラウザは開いたまま残ります。---
2025-10-30 14:13:30 - INFO: --- 起動 ---
2025-10-30 14:13:30 - INFO: ChromeDriverの確認を開始...
2025-10-30 14:13:35 - INFO: ChromeDriverパス: C:\Users\user\.wdm\drivers\chromedriver\win64\141.0.7390.122\chromedriver-win32/chromedriver.exe
2025-10-30 14:13:57 - ERROR: 予期せぬエラーが発生しました: Message: no such window: target window already closed
from unknown error: web view not found
  (Session info: chrome=141.0.7390.125)
Stacktrace:
	GetHandleVerifier [0x0xadfe43+66515]
	GetHandleVerifier [0x0xadfe84+66580]
	(No symbol) [0x0x8cdc48]
	(No symbol) [0x0x8ac18d]
	(No symbol) [0x0x941a4e]
	(No symbol) [0x0x95c4d9]
	(No symbol) [0x0x93afc6]
	(No symbol) [0x0x90c2ca]
	(No symbol) [0x0x90d154]
	GetHandleVerifier [0x0xd37353+2521315]
	GetHandleVerifier [0x0xd322d3+2500707]
	GetHandleVerifier [0x0xb07c94+229924]
	GetHandleVerifier [0x0xaf81f8+165768]
	GetHandleVerifier [0x0xafecad+193085]
	GetHandleVerifier [0x0xae8158+100072]
	GetHandleVerifier [0x0xae82f0+100480]
	GetHandleVerifier [0x0xad25aa+11066]
	BaseThreadInitThunk [0x0x76435d49+25]
	RtlInitializeExceptionChain [0x0x779cd6db+107]
	RtlGetAppContainerNamedObjectPath [0x0x779cd661+561]

2025-10-30 14:13:57 - ERROR: Unexpected error trace:
Traceback (most recent call last):
  File "pochiNavi.py", line 168, in <module>
    wait.until(EC.presence_of_all_elements_located((By.ID, "send")))
    ~~~~~~~~~~^^^^^^^^^^^^^^^^^^^^^^^^^^^^^^^^^^^^^^^^^^^^^^^^^^^^^^
  File "selenium\webdriver\support\wait.py", line 129, in until
  File "selenium\webdriver\support\expected_conditions.py", line 297, in _predicate
  File "selenium\webdriver\remote\webdriver.py", line 967, in find_elements
  File "selenium\webdriver\remote\webdriver.py", line 458, in execute
  File "selenium\webdriver\remote\errorhandler.py", line 233, in check_response
selenium.common.exceptions.NoSuchWindowException: Message: no such window: target window already closed
from unknown error: web view not found
  (Session info: chrome=141.0.7390.125)
Stacktrace:
	GetHandleVerifier [0x0xadfe43+66515]
	GetHandleVerifier [0x0xadfe84+66580]
	(No symbol) [0x0x8cdc48]
	(No symbol) [0x0x8ac18d]
	(No symbol) [0x0x941a4e]
	(No symbol) [0x0x95c4d9]
	(No symbol) [0x0x93afc6]
	(No symbol) [0x0x90c2ca]
	(No symbol) [0x0x90d154]
	GetHandleVerifier [0x0xd37353+2521315]
	GetHandleVerifier [0x0xd322d3+2500707]
	GetHandleVerifier [0x0xb07c94+229924]
	GetHandleVerifier [0x0xaf81f8+165768]
	GetHandleVerifier [0x0xafecad+193085]
	GetHandleVerifier [0x0xae8158+100072]
	GetHandleVerifier [0x0xae82f0+100480]
	GetHandleVerifier [0x0xad25aa+11066]
	BaseThreadInitThunk [0x0x76435d49+25]
	RtlInitializeExceptionChain [0x0x779cd6db+107]
	RtlGetAppContainerNamedObjectPath [0x0x779cd661+561]

2025-10-30 14:13:57 - INFO: ---スクリプトを終了します。ブラウザは開いたまま残ります。---
2025-10-30 14:14:12 - INFO: --- 起動 ---
2025-10-30 14:14:12 - INFO: ChromeDriverの確認を開始...
2025-10-30 14:14:15 - INFO: ChromeDriverパス: C:\Users\user\.wdm\drivers\chromedriver\win64\141.0.7390.122\chromedriver-win32/chromedriver.exe
2025-10-30 14:14:18 - INFO: ログインに成功しました。
2025-10-30 14:14:18 - INFO: ---スクリプトを終了します。ブラウザは開いたまま残ります。---
2025-10-30 14:14:47 - INFO: --- 起動 ---
2025-10-30 14:14:47 - INFO: ChromeDriverの確認を開始...
2025-10-30 14:14:50 - INFO: ChromeDriverパス: C:\Users\user\.wdm\drivers\chromedriver\win64\141.0.7390.122\chromedriver-win32/chromedriver.exe
2025-10-30 14:14:53 - INFO: ログインに成功しました。
2025-10-30 14:14:53 - INFO: ---スクリプトを終了します。ブラウザは開いたまま残ります。---
2025-10-30 14:27:33 - INFO: --- 起動 ---
2025-10-30 14:27:33 - INFO: ChromeDriverの確認を開始...
2025-10-30 14:27:36 - INFO: ChromeDriverパス: C:\Users\user\.wdm\drivers\chromedriver\win64\141.0.7390.122\chromedriver-win32/chromedriver.exe
2025-10-30 14:27:46 - ERROR: 予期せぬエラーが発生しました: Message: no such window: target window already closed
from unknown error: web view not found
  (Session info: chrome=141.0.7390.125)
Stacktrace:
	GetHandleVerifier [0x0xadfe43+66515]
	GetHandleVerifier [0x0xadfe84+66580]
	(No symbol) [0x0x8cdc48]
	(No symbol) [0x0x8ac18d]
	(No symbol) [0x0x941a4e]
	(No symbol) [0x0x95c4d9]
	(No symbol) [0x0x93afc6]
	(No symbol) [0x0x90c2ca]
	(No symbol) [0x0x90d154]
	GetHandleVerifier [0x0xd37353+2521315]
	GetHandleVerifier [0x0xd322d3+2500707]
	GetHandleVerifier [0x0xb07c94+229924]
	GetHandleVerifier [0x0xaf81f8+165768]
	GetHandleVerifier [0x0xafecad+193085]
	GetHandleVerifier [0x0xae8158+100072]
	GetHandleVerifier [0x0xae82f0+100480]
	GetHandleVerifier [0x0xad25aa+11066]
	BaseThreadInitThunk [0x0x76435d49+25]
	RtlInitializeExceptionChain [0x0x779cd6db+107]
	RtlGetAppContainerNamedObjectPath [0x0x779cd661+561]

2025-10-30 14:27:46 - ERROR: Unexpected error trace:
Traceback (most recent call last):
  File "C:\Users\user\Desktop\pochiNavi\pochiNavi.py", line 168, in <module>
    wait.until(EC.presence_of_all_elements_located((By.ID, "send")))
    ~~~~~~~~~~^^^^^^^^^^^^^^^^^^^^^^^^^^^^^^^^^^^^^^^^^^^^^^^^^^^^^^
  File "C:\Users\user\AppData\Local\Programs\Python\Python313\Lib\site-packages\selenium\webdriver\support\wait.py", line 129, in until
    value = method(self._driver)
  File "C:\Users\user\AppData\Local\Programs\Python\Python313\Lib\site-packages\selenium\webdriver\support\expected_conditions.py", line 297, in _predicate
    return driver.find_elements(*locator)
           ~~~~~~~~~~~~~~~~~~~~^^^^^^^^^^
  File "C:\Users\user\AppData\Local\Programs\Python\Python313\Lib\site-packages\selenium\webdriver\remote\webdriver.py", line 967, in find_elements
    return self.execute(Command.FIND_ELEMENTS, {"using": by, "value": value})["value"] or []
           ~~~~~~~~~~~~^^^^^^^^^^^^^^^^^^^^^^^^^^^^^^^^^^^^^^^^^^^^^^^^^^^^^^
  File "C:\Users\user\AppData\Local\Programs\Python\Python313\Lib\site-packages\selenium\webdriver\remote\webdriver.py", line 458, in execute
    self.error_handler.check_response(response)
    ~~~~~~~~~~~~~~~~~~~~~~~~~~~~~~~~~^^^^^^^^^^
  File "C:\Users\user\AppData\Local\Programs\Python\Python313\Lib\site-packages\selenium\webdriver\remote\errorhandler.py", line 233, in check_response
    raise exception_class(message, screen, stacktrace)
selenium.common.exceptions.NoSuchWindowException: Message: no such window: target window already closed
from unknown error: web view not found
  (Session info: chrome=141.0.7390.125)
Stacktrace:
	GetHandleVerifier [0x0xadfe43+66515]
	GetHandleVerifier [0x0xadfe84+66580]
	(No symbol) [0x0x8cdc48]
	(No symbol) [0x0x8ac18d]
	(No symbol) [0x0x941a4e]
	(No symbol) [0x0x95c4d9]
	(No symbol) [0x0x93afc6]
	(No symbol) [0x0x90c2ca]
	(No symbol) [0x0x90d154]
	GetHandleVerifier [0x0xd37353+2521315]
	GetHandleVerifier [0x0xd322d3+2500707]
	GetHandleVerifier [0x0xb07c94+229924]
	GetHandleVerifier [0x0xaf81f8+165768]
	GetHandleVerifier [0x0xafecad+193085]
	GetHandleVerifier [0x0xae8158+100072]
	GetHandleVerifier [0x0xae82f0+100480]
	GetHandleVerifier [0x0xad25aa+11066]
	BaseThreadInitThunk [0x0x76435d49+25]
	RtlInitializeExceptionChain [0x0x779cd6db+107]
	RtlGetAppContainerNamedObjectPath [0x0x779cd661+561]

2025-10-30 14:27:46 - INFO: ---スクリプトを終了します。ブラウザは開いたまま残ります。---
2025-10-30 14:28:33 - INFO: --- 起動 ---
2025-10-30 14:28:33 - INFO: ChromeDriverの確認を開始...
2025-10-30 14:28:36 - INFO: ChromeDriverパス: C:\Users\user\.wdm\drivers\chromedriver\win64\141.0.7390.122\chromedriver-win32/chromedriver.exe
2025-10-30 14:28:55 - ERROR: ログイン後のページ遷移を確認できませんでした。
2025-10-30 14:28:55 - INFO: ---スクリプトを終了します。ブラウザは開いたまま残ります。---
2025-10-30 14:30:01 - INFO: --- 起動 ---
2025-10-30 14:30:01 - INFO: ChromeDriverの確認を開始...
2025-10-30 14:30:04 - INFO: ChromeDriverパス: C:\Users\user\.wdm\drivers\chromedriver\win64\141.0.7390.122\chromedriver-win32/chromedriver.exe
2025-10-30 14:30:23 - ERROR: ログイン後のページ遷移を確認できませんでした。
2025-10-30 14:30:23 - INFO: ---スクリプトを終了します。ブラウザは開いたまま残ります。---
2025-10-30 14:33:00 - INFO: --- 起動 ---
2025-10-30 14:33:00 - INFO: ChromeDriverの確認を開始...
2025-10-30 14:33:03 - INFO: ChromeDriverパス: C:\Users\user\.wdm\drivers\chromedriver\win64\141.0.7390.122\chromedriver-win32/chromedriver.exe
2025-10-30 14:33:21 - ERROR: ログイン後のページ遷移を確認できませんでした。
2025-10-30 14:33:21 - INFO: ---スクリプトを終了します。ブラウザは開いたまま残ります。---
2025-10-30 14:35:06 - INFO: --- 起動 ---
2025-10-30 14:35:06 - INFO: ChromeDriverの確認を開始...
2025-10-30 14:35:09 - INFO: ChromeDriverパス: C:\Users\user\.wdm\drivers\chromedriver\win64\141.0.7390.122\chromedriver-win32/chromedriver.exe
2025-10-30 14:35:12 - INFO: フィールド key1 への入力を開始
2025-10-30 14:35:12 - INFO: フィールド key1 への入力完了: 111
2025-10-30 14:35:12 - INFO: フィールド key2 への入力を開始
2025-10-30 14:35:12 - INFO: フィールド key2 への入力完了: 222
2025-10-30 14:35:12 - INFO: フィールド key3 への入力を開始
2025-10-30 14:35:12 - INFO: フィールド key3 への入力完了: 333
2025-10-30 14:35:12 - INFO: ログインボタンを検索中...
2025-10-30 14:35:12 - INFO: ログインボタンが見つかりました
2025-10-30 14:35:13 - INFO: ログインボタンをクリック中...
2025-10-30 14:35:13 - INFO: ログインボタンのクリック完了
2025-10-30 14:35:13 - INFO: ログイン処理後のページ遷移を確認中...
2025-10-30 14:35:29 - ERROR: ログイン後のページ遷移を確認できませんでした。 - 現在のURL: https://pochipass.com/member001.php
2025-10-30 14:35:29 - INFO: 現在のページタイトル: メンバーページ｜ポチパス
2025-10-30 14:35:29 - INFO: ---スクリプトを終了します。ブラウザは開いたまま残ります。---
2025-10-30 14:39:16 - INFO: --- 起動 ---
2025-10-30 14:39:16 - INFO: ChromeDriverの確認を開始...
2025-10-30 14:39:19 - INFO: ChromeDriverパス: C:\Users\user\.wdm\drivers\chromedriver\win64\141.0.7390.122\chromedriver-win32/chromedriver.exe
2025-10-30 14:39:21 - INFO: フィールド key1 への入力を開始
2025-10-30 14:39:22 - INFO: フィールド key1 への入力完了: 111
2025-10-30 14:39:22 - INFO: フィールド key2 への入力を開始
2025-10-30 14:39:22 - INFO: フィールド key2 への入力完了: 222
2025-10-30 14:39:22 - INFO: フィールド key3 への入力を開始
2025-10-30 14:39:22 - INFO: フィールド key3 への入力完了: 333
2025-10-30 14:39:22 - INFO: ログインボタンを検索中...
2025-10-30 14:39:22 - INFO: ログインボタンが見つかりました
2025-10-30 14:39:23 - INFO: ログインボタンをクリック中（通常クリック）...
2025-10-30 14:39:23 - INFO: JavaScriptでの追加クリックを実行...
2025-10-30 14:39:23 - ERROR: 予期せぬエラーが発生しました: Message: stale element reference: stale element not found
  (Session info: chrome=141.0.7390.125); For documentation on this error, please visit: https://www.selenium.dev/documentation/webdriver/troubleshooting/errors#staleelementreferenceexception
Stacktrace:
	GetHandleVerifier [0x0xadfe43+66515]
	GetHandleVerifier [0x0xadfe84+66580]
	(No symbol) [0x0x8cdc48]
	(No symbol) [0x0x8dfc3b]
	(No symbol) [0x0x8ded10]
	(No symbol) [0x0x8d50e2]
	(No symbol) [0x0x8d51c6]
	(No symbol) [0x0x8d3608]
	(No symbol) [0x0x8d6c6c]
	(No symbol) [0x0x95dc3d]
	(No symbol) [0x0x93b1cc]
	(No symbol) [0x0x95cba7]
	(No symbol) [0x0x93afc6]
	(No symbol) [0x0x90c2ca]
	(No symbol) [0x0x90d154]
	GetHandleVerifier [0x0xd37353+2521315]
	GetHandleVerifier [0x0xd322d3+2500707]
	GetHandleVerifier [0x0xb07c94+229924]
	GetHandleVerifier [0x0xaf81f8+165768]
	GetHandleVerifier [0x0xafecad+193085]
	GetHandleVerifier [0x0xae8158+100072]
	GetHandleVerifier [0x0xae82f0+100480]
	GetHandleVerifier [0x0xad25aa+11066]
	BaseThreadInitThunk [0x0x76435d49+25]
	RtlInitializeExceptionChain [0x0x779cd6db+107]
	RtlGetAppContainerNamedObjectPath [0x0x779cd661+561]

2025-10-30 14:39:23 - ERROR: Unexpected error trace:
Traceback (most recent call last):
  File "C:\Users\user\Desktop\pochiNavi\pochiNavi.py", line 181, in <module>
    driver.execute_script("arguments[0].click();", login_btn)
    ~~~~~~~~~~~~~~~~~~~~~^^^^^^^^^^^^^^^^^^^^^^^^^^^^^^^^^^^^
  File "C:\Users\user\AppData\Local\Packages\PythonSoftwareFoundation.Python.3.13_qbz5n2kfra8p0\LocalCache\local-packages\Python313\site-packages\selenium\webdriver\remote\webdriver.py", line 555, in execute_script
    return self.execute(command, {"script": script, "args": converted_args})["value"]
           ~~~~~~~~~~~~^^^^^^^^^^^^^^^^^^^^^^^^^^^^^^^^^^^^^^^^^^^^^^^^^^^^^
  File "C:\Users\user\AppData\Local\Packages\PythonSoftwareFoundation.Python.3.13_qbz5n2kfra8p0\LocalCache\local-packages\Python313\site-packages\selenium\webdriver\remote\webdriver.py", line 458, in execute
    self.error_handler.check_response(response)
    ~~~~~~~~~~~~~~~~~~~~~~~~~~~~~~~~~^^^^^^^^^^
  File "C:\Users\user\AppData\Local\Packages\PythonSoftwareFoundation.Python.3.13_qbz5n2kfra8p0\LocalCache\local-packages\Python313\site-packages\selenium\webdriver\remote\errorhandler.py", line 233, in check_response
    raise exception_class(message, screen, stacktrace)
selenium.common.exceptions.StaleElementReferenceException: Message: stale element reference: stale element not found
  (Session info: chrome=141.0.7390.125); For documentation on this error, please visit: https://www.selenium.dev/documentation/webdriver/troubleshooting/errors#staleelementreferenceexception
Stacktrace:
	GetHandleVerifier [0x0xadfe43+66515]
	GetHandleVerifier [0x0xadfe84+66580]
	(No symbol) [0x0x8cdc48]
	(No symbol) [0x0x8dfc3b]
	(No symbol) [0x0x8ded10]
	(No symbol) [0x0x8d50e2]
	(No symbol) [0x0x8d51c6]
	(No symbol) [0x0x8d3608]
	(No symbol) [0x0x8d6c6c]
	(No symbol) [0x0x95dc3d]
	(No symbol) [0x0x93b1cc]
	(No symbol) [0x0x95cba7]
	(No symbol) [0x0x93afc6]
	(No symbol) [0x0x90c2ca]
	(No symbol) [0x0x90d154]
	GetHandleVerifier [0x0xd37353+2521315]
	GetHandleVerifier [0x0xd322d3+2500707]
	GetHandleVerifier [0x0xb07c94+229924]
	GetHandleVerifier [0x0xaf81f8+165768]
	GetHandleVerifier [0x0xafecad+193085]
	GetHandleVerifier [0x0xae8158+100072]
	GetHandleVerifier [0x0xae82f0+100480]
	GetHandleVerifier [0x0xad25aa+11066]
	BaseThreadInitThunk [0x0x76435d49+25]
	RtlInitializeExceptionChain [0x0x779cd6db+107]
	RtlGetAppContainerNamedObjectPath [0x0x779cd661+561]

2025-10-30 14:39:24 - INFO: ---スクリプトを終了します。ブラウザは開いたまま残ります。---
2025-10-30 14:40:10 - INFO: --- 起動 ---
2025-10-30 14:40:10 - INFO: ChromeDriverの確認を開始...
2025-10-30 14:40:13 - INFO: ChromeDriverパス: C:\Users\user\.wdm\drivers\chromedriver\win64\141.0.7390.122\chromedriver-win32/chromedriver.exe
2025-10-30 14:40:16 - INFO: フィールド key1 への入力を開始
2025-10-30 14:40:16 - INFO: フィールド key1 への入力完了: 111
2025-10-30 14:40:16 - INFO: フィールド key2 への入力を開始
2025-10-30 14:40:16 - INFO: フィールド key2 への入力完了: 222
2025-10-30 14:40:16 - INFO: フィールド key3 への入力を開始
2025-10-30 14:40:16 - INFO: フィールド key3 への入力完了: 333
2025-10-30 14:40:16 - INFO: ログインボタンを検索中...
2025-10-30 14:40:16 - INFO: ログインボタンが見つかりました
2025-10-30 14:40:17 - INFO: ログインボタンをクリック中...
2025-10-30 14:40:17 - INFO: ログインボタンのクリック完了
2025-10-30 14:40:20 - INFO: 非同期処理の完了を待機中...
2025-10-30 14:40:20 - INFO: ログイン処理後の確認中...
2025-10-30 14:40:20 - INFO: ページタイトルの変化を30秒間監視...
2025-10-30 14:40:20 - INFO: ログインに成功しました。
2025-10-30 14:40:20 - INFO: ---スクリプトを終了します。ブラウザは開いたまま残ります。---
2025-10-30 14:41:37 - INFO: --- 起動 ---
2025-10-30 14:41:37 - INFO: ChromeDriverの確認を開始...
2025-10-30 14:41:40 - INFO: ChromeDriverパス: C:\Users\user\.wdm\drivers\chromedriver\win64\141.0.7390.122\chromedriver-win32/chromedriver.exe
2025-10-30 14:41:50 - ERROR: 予期せぬエラーが発生しました: Message: invalid session id: session deleted as the browser has closed the connection
from disconnected: not connected to DevTools
  (Session info: chrome=141.0.7390.125); For documentation on this error, please visit: https://www.selenium.dev/documentation/webdriver/troubleshooting/errors#invalidsessionidexception
Stacktrace:
	GetHandleVerifier [0x0xadfe43+66515]
	GetHandleVerifier [0x0xadfe84+66580]
	(No symbol) [0x0x8cdc48]
	(No symbol) [0x0x8bce80]
	(No symbol) [0x0x8db81b]
	(No symbol) [0x0x941c25]
	(No symbol) [0x0x95c4d9]
	(No symbol) [0x0x93afc6]
	(No symbol) [0x0x90c2ca]
	(No symbol) [0x0x90d154]
	GetHandleVerifier [0x0xd37353+2521315]
	GetHandleVerifier [0x0xd322d3+2500707]
	GetHandleVerifier [0x0xb07c94+229924]
	GetHandleVerifier [0x0xaf81f8+165768]
	GetHandleVerifier [0x0xafecad+193085]
	GetHandleVerifier [0x0xae8158+100072]
	GetHandleVerifier [0x0xae82f0+100480]
	GetHandleVerifier [0x0xad25aa+11066]
	BaseThreadInitThunk [0x0x76435d49+25]
	RtlInitializeExceptionChain [0x0x779cd6db+107]
	RtlGetAppContainerNamedObjectPath [0x0x779cd661+561]

2025-10-30 14:41:50 - ERROR: Unexpected error trace:
Traceback (most recent call last):
  File "pochiNavi.py", line 168, in <module>
    wait.until(EC.presence_of_all_elements_located((By.ID, "send")))
    ~~~~~~~~~~^^^^^^^^^^^^^^^^^^^^^^^^^^^^^^^^^^^^^^^^^^^^^^^^^^^^^^
  File "selenium\webdriver\support\wait.py", line 129, in until
  File "selenium\webdriver\support\expected_conditions.py", line 297, in _predicate
  File "selenium\webdriver\remote\webdriver.py", line 967, in find_elements
  File "selenium\webdriver\remote\webdriver.py", line 458, in execute
  File "selenium\webdriver\remote\errorhandler.py", line 233, in check_response
selenium.common.exceptions.InvalidSessionIdException: Message: invalid session id: session deleted as the browser has closed the connection
from disconnected: not connected to DevTools
  (Session info: chrome=141.0.7390.125); For documentation on this error, please visit: https://www.selenium.dev/documentation/webdriver/troubleshooting/errors#invalidsessionidexception
Stacktrace:
	GetHandleVerifier [0x0xadfe43+66515]
	GetHandleVerifier [0x0xadfe84+66580]
	(No symbol) [0x0x8cdc48]
	(No symbol) [0x0x8bce80]
	(No symbol) [0x0x8db81b]
	(No symbol) [0x0x941c25]
	(No symbol) [0x0x95c4d9]
	(No symbol) [0x0x93afc6]
	(No symbol) [0x0x90c2ca]
	(No symbol) [0x0x90d154]
	GetHandleVerifier [0x0xd37353+2521315]
	GetHandleVerifier [0x0xd322d3+2500707]
	GetHandleVerifier [0x0xb07c94+229924]
	GetHandleVerifier [0x0xaf81f8+165768]
	GetHandleVerifier [0x0xafecad+193085]
	GetHandleVerifier [0x0xae8158+100072]
	GetHandleVerifier [0x0xae82f0+100480]
	GetHandleVerifier [0x0xad25aa+11066]
	BaseThreadInitThunk [0x0x76435d49+25]
	RtlInitializeExceptionChain [0x0x779cd6db+107]
	RtlGetAppContainerNamedObjectPath [0x0x779cd661+561]

2025-10-30 14:41:50 - INFO: ---スクリプトを終了します。ブラウザは開いたまま残ります。---
2025-10-30 14:42:49 - INFO: --- 起動 ---
2025-10-30 14:42:49 - INFO: ChromeDriverの確認を開始...
2025-10-30 14:42:53 - INFO: ChromeDriverパス: C:\Users\user\.wdm\drivers\chromedriver\win64\141.0.7390.122\chromedriver-win32/chromedriver.exe
2025-10-30 14:43:22 - ERROR: ログイン後のページ遷移を確認できませんでした。
2025-10-30 14:43:22 - INFO: ---スクリプトを終了します。ブラウザは開いたまま残ります。---
2025-10-30 14:47:42 - INFO: --- 起動 ---
2025-10-30 14:47:42 - INFO: ChromeDriverの確認を開始...
2025-10-30 14:47:46 - INFO: ChromeDriverパス: C:\Users\user\.wdm\drivers\chromedriver\win64\141.0.7390.122\chromedriver-win32/chromedriver.exe
2025-10-30 14:48:22 - ERROR: ログイン後のページ遷移を確認できませんでした。
2025-10-30 14:48:22 - INFO: ---スクリプトを終了します。ブラウザは開いたまま残ります。---
2025-10-30 14:49:35 - INFO: --- 起動 ---
2025-10-30 14:49:35 - INFO: ChromeDriverの確認を開始...
2025-10-30 14:49:37 - INFO: ChromeDriverパス: C:\Users\user\.wdm\drivers\chromedriver\win64\141.0.7390.122\chromedriver-win32/chromedriver.exe
2025-10-30 14:49:40 - INFO: ログインに成功しました。
2025-10-30 14:49:40 - INFO: ---スクリプトを終了します。ブラウザは開いたまま残ります。---
2025-10-30 14:51:29 - INFO: --- 起動 ---
2025-10-30 14:51:29 - INFO: ChromeDriverの確認を開始...
2025-10-30 14:51:33 - INFO: ChromeDriverパス: C:\Users\user\.wdm\drivers\chromedriver\win64\141.0.7390.122\chromedriver-win32/chromedriver.exe
2025-10-30 14:51:37 - INFO: ログインに成功しました。
2025-10-30 14:51:37 - INFO: ---スクリプトを終了します。ブラウザは開いたまま残ります。---
2025-10-30 14:53:50 - INFO: --- 起動 ---
2025-10-30 14:53:50 - INFO: ChromeDriverの確認を開始...
2025-10-30 14:53:54 - INFO: ChromeDriverパス: C:\Users\user\.wdm\drivers\chromedriver\win64\141.0.7390.122\chromedriver-win32/chromedriver.exe
2025-10-30 14:53:57 - INFO: ログインに成功しました。
2025-10-30 14:53:57 - INFO: ---スクリプトを終了します。ブラウザは開いたまま残ります。---
2025-10-30 15:12:20 - INFO: --- 起動 ---
2025-10-30 15:12:20 - INFO: ChromeDriverの確認を開始...
2025-10-30 15:12:24 - INFO: ChromeDriverパス: C:\Users\user\.wdm\drivers\chromedriver\win64\141.0.7390.122\chromedriver-win32/chromedriver.exe
2025-10-30 15:12:28 - INFO: ログインに成功しました。
2025-10-30 15:12:28 - INFO: ---スクリプトを終了します。ブラウザは開いたまま残ります。---
2025-10-30 15:54:53 - INFO: --- 起動 ---
2025-10-30 15:54:53 - INFO: ChromeDriverの確認を開始...
2025-10-30 15:54:55 - INFO: ChromeDriverパス: C:\Users\user\.wdm\drivers\chromedriver\win64\141.0.7390.122\chromedriver-win32/chromedriver.exe
2025-10-30 15:54:59 - INFO: ログインに成功しました。
2025-10-30 15:54:59 - INFO: ---スクリプトを終了します。ブラウザは開いたまま残ります。---
2025-10-31 15:12:01 - INFO: --- 起動 ---
2025-10-31 15:12:01 - INFO: ChromeDriverの確認を開始...
2025-10-31 15:12:16 - INFO: ChromeDriverパス: C:\Users\user\.wdm\drivers\chromedriver\win64\141.0.7390.122\chromedriver-win32/chromedriver.exe
2025-10-31 15:12:22 - INFO: ログインに成功しました。
2025-10-31 15:12:22 - INFO: ---スクリプトを終了します。ブラウザは開いたまま残ります。---
2025-11-07 15:01:42 - INFO: --- 起動 ---
2025-11-07 15:01:42 - INFO: ChromeDriverの確認を開始...
2025-11-07 15:01:50 - INFO: ChromeDriverパス: C:\Users\user\.wdm\drivers\chromedriver\win64\141.0.7390.122\chromedriver-win32/chromedriver.exe
2025-11-07 15:01:54 - INFO: --- 起動 ---
2025-11-07 15:01:54 - INFO: ChromeDriverの確認を開始...
2025-11-07 15:01:56 - INFO: ログインに成功しました。
2025-11-07 15:01:56 - INFO: ---スクリプトを終了します。ブラウザは開いたまま残ります。---
2025-11-07 15:01:59 - INFO: ChromeDriverパス: C:\Users\user\.wdm\drivers\chromedriver\win64\141.0.7390.122\chromedriver-win32/chromedriver.exe
2025-11-07 15:02:02 - INFO: ログインに成功しました。
2025-11-07 15:02:02 - INFO: ---スクリプトを終了します。ブラウザは開いたまま残ります。---
2025-11-10 15:56:23 - INFO: --- 起動 ---
2025-11-10 15:56:23 - INFO: ChromeDriverの確認を開始...
2025-11-10 15:56:39 - INFO: ChromeDriverパス: C:\Users\user\.wdm\drivers\chromedriver\win64\141.0.7390.122\chromedriver.exe
2025-11-10 15:56:44 - INFO: ログインに成功しました。
2025-11-10 15:56:44 - INFO: ---スクリプトを終了します。ブラウザは開いたまま残ります。---
2025-11-11 15:33:26 - INFO: --- 起動 ---
2025-11-11 15:33:26 - INFO: ChromeDriverの確認を開始...
2025-11-11 15:33:34 - INFO: ChromeDriverパス: C:\Users\user\.wdm\drivers\chromedriver\win64\141.0.7390.122\chromedriver-win32/chromedriver.exe
2025-11-11 15:33:39 - INFO: ログインに成功しました。
2025-11-11 15:33:39 - INFO: ---スクリプトを終了します。ブラウザは開いたまま残ります。---
2025-11-12 16:00:39 - INFO: --- 起動 ---
2025-11-12 16:00:39 - INFO: ChromeDriverの確認を開始...
2025-11-12 16:00:52 - INFO: ChromeDriverパス: C:\Users\user\.wdm\drivers\chromedriver\win64\141.0.7390.122\chromedriver-win32/chromedriver.exe
2025-11-12 16:00:57 - INFO: ログインに成功しました。
2025-11-12 16:00:57 - INFO: ---スクリプトを終了します。ブラウザは開いたまま残ります。---
2025-11-13 15:54:59 - INFO: --- 起動 ---
2025-11-13 15:54:59 - INFO: ChromeDriverの確認を開始...
2025-11-13 15:55:10 - INFO: ChromeDriverパス: C:\Users\user\.wdm\drivers\chromedriver\win64\141.0.7390.122\chromedriver-win32/chromedriver.exe
2025-11-13 15:55:16 - INFO: ログインに成功しました。
2025-11-13 15:55:16 - INFO: ---スクリプトを終了します。ブラウザは開いたまま残ります。---
2025-11-14 13:46:32 - INFO: --- 起動 ---
2025-11-14 13:46:32 - INFO: ChromeDriverの確認を開始...
2025-11-14 13:46:39 - INFO: ChromeDriverパス: C:\Users\user\.wdm\drivers\chromedriver\win64\141.0.7390.122\chromedriver-win32/chromedriver.exe
2025-11-14 13:46:44 - INFO: ログインに成功しました。
2025-11-14 13:46:44 - INFO: ---スクリプトを終了します。ブラウザは開いたまま残ります。---
2025-11-17 15:43:59 - INFO: --- 起動 ---
2025-11-17 15:43:59 - INFO: ChromeDriverの確認を開始...
2025-11-17 15:44:07 - INFO: ChromeDriverパス: C:\Users\user\.wdm\drivers\chromedriver\win64\141.0.7390.122\chromedriver-win32/chromedriver.exe
2025-11-17 15:44:13 - INFO: ログインに成功しました。
2025-11-17 15:44:13 - INFO: ---スクリプトを終了します。ブラウザは開いたまま残ります。---
2025-11-17 15:58:51 - INFO: --- 起動 ---
2025-11-17 15:58:51 - INFO: ChromeDriverの確認を開始...
2025-11-17 15:58:54 - INFO: ChromeDriverパス: C:\Users\user\.wdm\drivers\chromedriver\win64\141.0.7390.122\chromedriver-win32/chromedriver.exe
2025-11-17 15:58:57 - INFO: ログインに成功しました。
2025-11-17 15:58:57 - INFO: ---スクリプトを終了します。ブラウザは開いたまま残ります。---
2025-11-18 15:02:20 - INFO: --- 起動 ---
2025-11-18 15:02:20 - INFO: ChromeDriverの確認を開始...
2025-11-18 15:02:29 - INFO: ChromeDriverパス: C:\Users\user\.wdm\drivers\chromedriver\win64\142.0.7444.175\chromedriver-win32/chromedriver.exe
2025-11-18 15:02:38 - INFO: ログインに成功しました。
2025-11-18 15:02:38 - INFO: ---スクリプトを終了します。ブラウザは開いたまま残ります。---
2025-11-20 15:05:39 - INFO: --- 起動 ---
2025-11-20 15:05:39 - INFO: ChromeDriverの確認を開始...
2025-11-20 15:05:49 - INFO: ChromeDriverパス: C:\Users\user\.wdm\drivers\chromedriver\win64\142.0.7444.175\chromedriver-win32/chromedriver.exe
2025-11-20 15:05:55 - INFO: ログインに成功しました。
2025-11-20 15:05:55 - INFO: ---スクリプトを終了します。ブラウザは開いたまま残ります。---
2025-11-21 15:10:43 - INFO: --- 起動 ---
2025-11-21 15:10:43 - INFO: ChromeDriverの確認を開始...
2025-11-21 15:10:52 - INFO: ChromeDriverパス: C:\Users\user\.wdm\drivers\chromedriver\win64\142.0.7444.175\chromedriver-win32/chromedriver.exe
2025-11-21 15:10:57 - INFO: ログインに成功しました。
2025-11-21 15:10:57 - INFO: ---スクリプトを終了します。ブラウザは開いたまま残ります。---
2025-11-21 15:54:24 - INFO: --- 起動 ---
2025-11-21 15:54:24 - INFO: ChromeDriverの確認を開始...
2025-11-21 15:54:32 - INFO: ChromeDriverパス: C:\Users\user\.wdm\drivers\chromedriver\win64\142.0.7444.175\chromedriver-win32/chromedriver.exe
2025-11-21 15:54:35 - INFO: ログインに成功しました。
2025-11-21 15:54:35 - INFO: ---スクリプトを終了します。ブラウザは開いたまま残ります。---
2025-11-25 15:53:28 - INFO: --- 起動 ---
2025-11-25 15:53:28 - INFO: ChromeDriverの確認を開始...
2025-11-25 15:53:37 - INFO: ChromeDriverパス: C:\Users\user\.wdm\drivers\chromedriver\win64\142.0.7444.175\chromedriver-win32/chromedriver.exe
2025-11-25 15:53:43 - INFO: ログインに成功しました。
2025-11-25 15:53:43 - INFO: ---スクリプトを終了します。ブラウザは開いたまま残ります。---
2025-11-26 15:54:06 - INFO: --- 起動 ---
2025-11-26 15:54:06 - INFO: ChromeDriverの確認を開始...
2025-11-26 15:54:14 - INFO: ChromeDriverパス: C:\Users\user\.wdm\drivers\chromedriver\win64\142.0.7444.175\chromedriver-win32/chromedriver.exe
2025-11-26 15:54:19 - INFO: ログインに成功しました。
2025-11-26 15:54:19 - INFO: ---スクリプトを終了します。ブラウザは開いたまま残ります。---
2025-11-27 15:56:57 - INFO: --- 起動 ---
2025-11-27 15:56:57 - INFO: ChromeDriverの確認を開始...
2025-11-27 15:57:05 - INFO: ChromeDriverパス: C:\Users\user\.wdm\drivers\chromedriver\win64\142.0.7444.175\chromedriver-win32/chromedriver.exe
2025-11-27 15:57:10 - INFO: ログインに成功しました。
2025-11-27 15:57:10 - INFO: ---スクリプトを終了します。ブラウザは開いたまま残ります。---
2025-11-28 15:56:45 - INFO: --- 起動 ---
2025-11-28 15:56:45 - INFO: ChromeDriverの確認を開始...
2025-11-28 15:56:54 - INFO: ChromeDriverパス: C:\Users\user\.wdm\drivers\chromedriver\win64\142.0.7444.175\chromedriver-win32/chromedriver.exe
2025-11-28 15:57:03 - INFO: ログインに成功しました。
2025-11-28 15:57:03 - INFO: ---スクリプトを終了します。ブラウザは開いたまま残ります。---
2025-12-01 15:57:27 - INFO: --- 起動 ---
2025-12-01 15:57:27 - INFO: ChromeDriverの確認を開始...
2025-12-01 15:57:36 - INFO: ChromeDriverパス: C:\Users\user\.wdm\drivers\chromedriver\win64\142.0.7444.175\chromedriver-win32/chromedriver.exe
2025-12-01 15:57:42 - INFO: ログインに成功しました。
2025-12-01 15:57:42 - INFO: ---スクリプトを終了します。ブラウザは開いたまま残ります。---
2025-12-02 15:56:42 - INFO: --- 起動 ---
2025-12-02 15:56:42 - INFO: ChromeDriverの確認を開始...
2025-12-02 15:56:51 - INFO: ChromeDriverパス: C:\Users\user\.wdm\drivers\chromedriver\win64\142.0.7444.175\chromedriver-win32/chromedriver.exe
2025-12-02 15:56:57 - INFO: ログインに成功しました。
2025-12-02 15:56:57 - INFO: ---スクリプトを終了します。ブラウザは開いたまま残ります。---
2025-12-03 15:57:45 - INFO: --- 起動 ---
2025-12-03 15:57:45 - INFO: ChromeDriverの確認を開始...
2025-12-03 15:58:04 - INFO: --- 起動 ---
2025-12-03 15:58:04 - INFO: ChromeDriverの確認を開始...
2025-12-03 15:58:04 - INFO: ChromeDriverパス: C:\Users\user\.wdm\drivers\chromedriver\win64\142.0.7444.175\chromedriver-win32/chromedriver.exe
2025-12-03 15:58:08 - INFO: ChromeDriverパス: C:\Users\user\.wdm\drivers\chromedriver\win64\142.0.7444.175\chromedriver-win32/chromedriver.exe
2025-12-03 15:58:10 - INFO: ログインに成功しました。
2025-12-03 15:58:10 - INFO: ---スクリプトを終了します。ブラウザは開いたまま残ります。---
2025-12-03 15:58:11 - INFO: ログインに成功しました。
2025-12-03 15:58:11 - INFO: ---スクリプトを終了します。ブラウザは開いたまま残ります。---
2025-12-04 15:52:49 - INFO: --- 起動 ---
2025-12-04 15:52:49 - INFO: ChromeDriverの確認を開始...
2025-12-04 15:52:57 - INFO: ChromeDriverパス: C:\Users\user\.wdm\drivers\chromedriver\win64\142.0.7444.175\chromedriver-win32/chromedriver.exe
2025-12-04 15:53:02 - INFO: ログインに成功しました。
2025-12-04 15:53:02 - INFO: ---スクリプトを終了します。ブラウザは開いたまま残ります。---
2025-12-05 15:56:59 - INFO: --- 起動 ---
2025-12-05 15:56:59 - INFO: ChromeDriverの確認を開始...
2025-12-05 15:57:10 - INFO: ChromeDriverパス: C:\Users\user\.wdm\drivers\chromedriver\win64\142.0.7444.175\chromedriver-win32/chromedriver.exe
2025-12-05 15:57:16 - INFO: ログインに成功しました。
2025-12-05 15:57:16 - INFO: ---スクリプトを終了します。ブラウザは開いたまま残ります。---
2025-12-08 15:56:45 - INFO: --- 起動 ---
2025-12-08 15:56:45 - INFO: ChromeDriverの確認を開始...
2025-12-08 15:56:52 - INFO: ChromeDriverパス: C:\Users\user\.wdm\drivers\chromedriver\win64\142.0.7444.175\chromedriver-win32/chromedriver.exe
2025-12-08 15:56:57 - INFO: ログインに成功しました。
2025-12-08 15:56:57 - INFO: ---スクリプトを終了します。ブラウザは開いたまま残ります。---
2025-12-09 15:53:28 - INFO: --- 起動 ---
2025-12-09 15:53:28 - INFO: ChromeDriverの確認を開始...
2025-12-09 15:53:36 - INFO: ChromeDriverパス: C:\Users\user\.wdm\drivers\chromedriver\win64\142.0.7444.175\chromedriver-win32/chromedriver.exe
2025-12-09 15:53:41 - INFO: ログインに成功しました。
2025-12-09 15:53:41 - INFO: ---スクリプトを終了します。ブラウザは開いたまま残ります。---
2025-12-10 15:58:15 - INFO: --- 起動 ---
2025-12-10 15:58:15 - INFO: ChromeDriverの確認を開始...
2025-12-10 15:58:25 - INFO: ChromeDriverパス: C:\Users\user\.wdm\drivers\chromedriver\win64\142.0.7444.175\chromedriver-win32/chromedriver.exe
2025-12-10 15:58:30 - INFO: ログインに成功しました。
2025-12-10 15:58:30 - INFO: ---スクリプトを終了します。ブラウザは開いたまま残ります。---
2025-12-11 15:55:57 - INFO: --- 起動 ---
2025-12-11 15:55:57 - INFO: ChromeDriverの確認を開始...
2025-12-11 15:56:13 - INFO: ChromeDriverパス: C:\Users\user\.wdm\drivers\chromedriver\win64\142.0.7444.175\chromedriver-win32/chromedriver.exe
2025-12-11 15:56:18 - INFO: ログインに成功しました。
2025-12-11 15:56:18 - INFO: ---スクリプトを終了します。ブラウザは開いたまま残ります。---
2025-12-12 15:59:09 - INFO: --- 起動 ---
2025-12-12 15:59:09 - INFO: ChromeDriverの確認を開始...
2025-12-12 15:59:33 - INFO: ChromeDriverパス: C:\Users\user\.wdm\drivers\chromedriver\win64\142.0.7444.175\chromedriver-win32/chromedriver.exe
2025-12-12 15:59:39 - INFO: ログインに成功しました。
2025-12-12 15:59:39 - INFO: ---スクリプトを終了します。ブラウザは開いたまま残ります。---
2025-12-16 10:04:02 - INFO: --- 起動 ---
2025-12-16 10:04:02 - INFO: ChromeDriverの確認を開始...
2025-12-16 10:04:14 - INFO: ChromeDriverパス: C:\Users\user\.wdm\drivers\chromedriver\win64\142.0.7444.175\chromedriver-win32/chromedriver.exe
2025-12-16 10:04:19 - INFO: ログインに成功しました。
2025-12-16 10:04:19 - INFO: ---スクリプトを終了します。ブラウザは開いたまま残ります。---
2025-12-16 15:56:05 - INFO: --- 起動 ---
2025-12-16 15:56:05 - INFO: ChromeDriverの確認を開始...
2025-12-16 15:56:13 - INFO: ChromeDriverパス: C:\Users\user\.wdm\drivers\chromedriver\win64\142.0.7444.175\chromedriver-win32/chromedriver.exe
2025-12-16 15:56:17 - INFO: ログインに成功しました。
2025-12-16 15:56:17 - INFO: ---スクリプトを終了します。ブラウザは開いたまま残ります。---
2025-12-18 15:56:55 - INFO: --- 起動 ---
2025-12-18 15:56:55 - INFO: ChromeDriverの確認を開始...
2025-12-18 15:57:07 - INFO: ChromeDriverパス: C:\Users\user\.wdm\drivers\chromedriver\win64\142.0.7444.175\chromedriver-win32/chromedriver.exe
2025-12-18 15:57:13 - INFO: ログインに成功しました。
2025-12-18 15:57:13 - INFO: ---スクリプトを終了します。ブラウザは開いたまま残ります。---
2025-12-19 15:57:11 - INFO: --- 起動 ---
2025-12-19 15:57:11 - INFO: ChromeDriverの確認を開始...
2025-12-19 15:57:24 - INFO: ChromeDriverパス: C:\Users\user\.wdm\drivers\chromedriver\win64\143.0.7499.169\chromedriver-win32/chromedriver.exe
2025-12-19 15:57:30 - INFO: ログインに成功しました。
2025-12-19 15:57:30 - INFO: ---スクリプトを終了します。ブラウザは開いたまま残ります。---
2025-12-22 15:56:11 - INFO: --- 起動 ---
2025-12-22 15:56:11 - INFO: ChromeDriverの確認を開始...
2025-12-22 15:56:32 - INFO: ChromeDriverパス: C:\Users\user\.wdm\drivers\chromedriver\win64\143.0.7499.169\chromedriver-win32/chromedriver.exe
2025-12-22 15:56:39 - INFO: ログインに成功しました。
2025-12-22 15:56:39 - INFO: ---スクリプトを終了します。ブラウザは開いたまま残ります。---
2025-12-23 15:56:24 - INFO: --- 起動 ---
2025-12-23 15:56:24 - INFO: ChromeDriverの確認を開始...
2025-12-23 15:56:41 - INFO: ChromeDriverパス: C:\Users\user\.wdm\drivers\chromedriver\win64\143.0.7499.169\chromedriver-win32/chromedriver.exe
2025-12-23 15:56:47 - INFO: ログインに成功しました。
2025-12-23 15:56:47 - INFO: ---スクリプトを終了します。ブラウザは開いたまま残ります。---
2025-12-24 15:57:16 - INFO: --- 起動 ---
2025-12-24 15:57:16 - INFO: ChromeDriverの確認を開始...
2025-12-24 15:57:34 - INFO: ChromeDriverパス: C:\Users\user\.wdm\drivers\chromedriver\win64\143.0.7499.169\chromedriver-win32/chromedriver.exe
2025-12-24 15:57:41 - INFO: ログインに成功しました。
2025-12-24 15:57:41 - INFO: ---スクリプトを終了します。ブラウザは開いたまま残ります。---
2025-12-26 15:57:45 - INFO: --- 起動 ---
2025-12-26 15:57:45 - INFO: ChromeDriverの確認を開始...
2025-12-26 15:58:03 - INFO: ChromeDriverパス: C:\Users\user\.wdm\drivers\chromedriver\win64\143.0.7499.169\chromedriver-win32/chromedriver.exe
2025-12-26 15:58:14 - INFO: ログインに成功しました。
2025-12-26 15:58:14 - INFO: ---スクリプトを終了します。ブラウザは開いたまま残ります。---
2025-12-27 14:04:41 - INFO: --- 起動 ---
2025-12-27 14:04:41 - INFO: ChromeDriverの確認を開始...
2025-12-27 14:04:57 - INFO: ChromeDriverパス: C:\Users\user\.wdm\drivers\chromedriver\win64\143.0.7499.169\chromedriver-win32/chromedriver.exe
2025-12-27 14:05:03 - INFO: ログインに成功しました。
2025-12-27 14:05:03 - INFO: ---スクリプトを終了します。ブラウザは開いたまま残ります。---
2025-12-29 15:58:19 - INFO: --- 起動 ---
2025-12-29 15:58:19 - INFO: ChromeDriverの確認を開始...
2025-12-29 15:58:29 - INFO: ChromeDriverパス: C:\Users\user\.wdm\drivers\chromedriver\win64\143.0.7499.169\chromedriver-win32/chromedriver.exe
2025-12-29 15:58:35 - INFO: ログインに成功しました。
2025-12-29 15:58:35 - INFO: ---スクリプトを終了します。ブラウザは開いたまま残ります。---
2025-12-30 14:04:58 - INFO: --- 起動 ---
2025-12-30 14:04:58 - INFO: ChromeDriverの確認を開始...
2025-12-30 14:05:34 - INFO: ChromeDriverパス: C:\Users\user\.wdm\drivers\chromedriver\win64\143.0.7499.169\chromedriver-win32/chromedriver.exe
2025-12-30 14:05:40 - INFO: ログインに成功しました。
2025-12-30 14:05:40 - INFO: ---スクリプトを終了します。ブラウザは開いたまま残ります。---
2026-01-05 15:57:54 - INFO: --- 起動 ---
2026-01-05 15:57:54 - INFO: ChromeDriverの確認を開始...
2026-01-05 15:58:11 - INFO: ChromeDriverパス: C:\Users\user\.wdm\drivers\chromedriver\win64\143.0.7499.169\chromedriver-win32/chromedriver.exe
2026-01-05 15:58:18 - INFO: ログインに成功しました。
2026-01-05 15:58:18 - INFO: ---スクリプトを終了します。ブラウザは開いたまま残ります。---
2026-01-06 15:50:52 - INFO: --- 起動 ---
2026-01-06 15:50:52 - INFO: ChromeDriverの確認を開始...
2026-01-06 15:51:15 - INFO: ChromeDriverパス: C:\Users\user\.wdm\drivers\chromedriver\win64\143.0.7499.169\chromedriver-win32/chromedriver.exe
2026-01-06 15:51:21 - INFO: ログインに成功しました。
2026-01-06 15:51:21 - INFO: ---スクリプトを終了します。ブラウザは開いたまま残ります。---
2026-01-07 15:37:36 - INFO: --- 起動 ---
2026-01-07 15:37:36 - INFO: ChromeDriverの確認を開始...
2026-01-07 15:37:43 - INFO: ChromeDriverパス: C:\Users\user\.wdm\drivers\chromedriver\win64\143.0.7499.192\chromedriver-win32/chromedriver.exe
2026-01-07 15:37:49 - INFO: ログインに成功しました。
2026-01-07 15:37:49 - INFO: ---スクリプトを終了します。ブラウザは開いたまま残ります。---
2026-01-08 15:59:00 - INFO: --- 起動 ---
2026-01-08 15:59:00 - INFO: ChromeDriverの確認を開始...
2026-01-08 15:59:11 - INFO: ChromeDriverパス: C:\Users\user\.wdm\drivers\chromedriver\win64\143.0.7499.192\chromedriver-win32/chromedriver.exe
2026-01-08 15:59:54 - ERROR: 予期せぬエラーが発生しました: Message: no such window: target window already closed
from unknown error: web view not found
  (Session info: chrome=143.0.7499.170)
Stacktrace:
Symbols not available. Dumping unresolved backtrace:
	0x541213
	0x541254
	0x32e6dd
	0x30ca8d
	0x3a1ffb
	0x3bd44c
	0x39b2e6
	0x36d321
	0x36e1d4
	0x795254
	0x79080b
	0x7ad0ea
	0x55b118
	0x56311d
	0x549518
	0x5496d9
	0x533a68
	0x75be5d49
	0x7726d5db
	0x7726d561

2026-01-08 15:59:54 - ERROR: Unexpected error trace:
Traceback (most recent call last):
  File "pochiNavi.py", line 154, in <module>
    wait.until(EC.presence_of_element_located((By.TAG_NAME, "body")))
    ~~~~~~~~~~^^^^^^^^^^^^^^^^^^^^^^^^^^^^^^^^^^^^^^^^^^^^^^^^^^^^^^^
  File "selenium\webdriver\support\wait.py", line 129, in until
  File "selenium\webdriver\support\expected_conditions.py", line 104, in _predicate
  File "selenium\webdriver\remote\webdriver.py", line 926, in find_element
  File "selenium\webdriver\remote\webdriver.py", line 458, in execute
  File "selenium\webdriver\remote\errorhandler.py", line 233, in check_response
selenium.common.exceptions.NoSuchWindowException: Message: no such window: target window already closed
from unknown error: web view not found
  (Session info: chrome=143.0.7499.170)
Stacktrace:
Symbols not available. Dumping unresolved backtrace:
	0x541213
	0x541254
	0x32e6dd
	0x30ca8d
	0x3a1ffb
	0x3bd44c
	0x39b2e6
	0x36d321
	0x36e1d4
	0x795254
	0x79080b
	0x7ad0ea
	0x55b118
	0x56311d
	0x549518
	0x5496d9
	0x533a68
	0x75be5d49
	0x7726d5db
	0x7726d561

2026-01-08 15:59:54 - INFO: ---スクリプトを終了します。ブラウザは開いたまま残ります。---
2026-01-08 15:59:58 - INFO: --- 起動 ---
2026-01-08 15:59:58 - INFO: ChromeDriverの確認を開始...
2026-01-08 16:00:01 - INFO: ChromeDriverパス: C:\Users\user\.wdm\drivers\chromedriver\win64\143.0.7499.192\chromedriver-win32/chromedriver.exe
2026-01-08 16:00:14 - ERROR: 予期せぬエラーが発生しました: Message: no such window: target window already closed
from unknown error: web view not found
  (Session info: chrome=143.0.7499.170)
Stacktrace:
Symbols not available. Dumping unresolved backtrace:
	0x541213
	0x541254
	0x32e6dd
	0x30ca8d
	0x3a1ffb
	0x3bd44c
	0x39b2e6
	0x36d321
	0x36e1d4
	0x795254
	0x79080b
	0x7ad0ea
	0x55b118
	0x56311d
	0x549518
	0x5496d9
	0x533a68
	0x75be5d49
	0x7726d5db
	0x7726d561

2026-01-08 16:00:14 - ERROR: Unexpected error trace:
Traceback (most recent call last):
  File "pochiNavi.py", line 154, in <module>
    wait.until(EC.presence_of_element_located((By.TAG_NAME, "body")))
    ~~~~~~~~~~^^^^^^^^^^^^^^^^^^^^^^^^^^^^^^^^^^^^^^^^^^^^^^^^^^^^^^^
  File "selenium\webdriver\support\wait.py", line 129, in until
  File "selenium\webdriver\support\expected_conditions.py", line 104, in _predicate
  File "selenium\webdriver\remote\webdriver.py", line 926, in find_element
  File "selenium\webdriver\remote\webdriver.py", line 458, in execute
  File "selenium\webdriver\remote\errorhandler.py", line 233, in check_response
selenium.common.exceptions.NoSuchWindowException: Message: no such window: target window already closed
from unknown error: web view not found
  (Session info: chrome=143.0.7499.170)
Stacktrace:
Symbols not available. Dumping unresolved backtrace:
	0x541213
	0x541254
	0x32e6dd
	0x30ca8d
	0x3a1ffb
	0x3bd44c
	0x39b2e6
	0x36d321
	0x36e1d4
	0x795254
	0x79080b
	0x7ad0ea
	0x55b118
	0x56311d
	0x549518
	0x5496d9
	0x533a68
	0x75be5d49
	0x7726d5db
	0x7726d561

2026-01-08 16:00:14 - INFO: ---スクリプトを終了します。ブラウザは開いたまま残ります。---
2026-01-08 16:00:24 - INFO: --- 起動 ---
2026-01-08 16:00:24 - INFO: ChromeDriverの確認を開始...
2026-01-08 16:00:28 - INFO: ChromeDriverパス: C:\Users\user\.wdm\drivers\chromedriver\win64\143.0.7499.192\chromedriver-win32/chromedriver.exe
2026-01-08 16:00:51 - ERROR: 予期せぬエラーが発生しました: Message: no such window: target window already closed
from unknown error: web view not found
  (Session info: chrome=143.0.7499.170)
Stacktrace:
Symbols not available. Dumping unresolved backtrace:
	0x541213
	0x541254
	0x32e6dd
	0x30ca8d
	0x3a1ffb
	0x3bd44c
	0x39b2e6
	0x36d321
	0x36e1d4
	0x795254
	0x79080b
	0x7ad0ea
	0x55b118
	0x56311d
	0x549518
	0x5496d9
	0x533a68
	0x75be5d49
	0x7726d5db
	0x7726d561

2026-01-08 16:00:51 - ERROR: Unexpected error trace:
Traceback (most recent call last):
  File "pochiNavi.py", line 154, in <module>
    wait.until(EC.presence_of_element_located((By.TAG_NAME, "body")))
    ~~~~~~~~~~^^^^^^^^^^^^^^^^^^^^^^^^^^^^^^^^^^^^^^^^^^^^^^^^^^^^^^^
  File "selenium\webdriver\support\wait.py", line 129, in until
  File "selenium\webdriver\support\expected_conditions.py", line 104, in _predicate
  File "selenium\webdriver\remote\webdriver.py", line 926, in find_element
  File "selenium\webdriver\remote\webdriver.py", line 458, in execute
  File "selenium\webdriver\remote\errorhandler.py", line 233, in check_response
selenium.common.exceptions.NoSuchWindowException: Message: no such window: target window already closed
from unknown error: web view not found
  (Session info: chrome=143.0.7499.170)
Stacktrace:
Symbols not available. Dumping unresolved backtrace:
	0x541213
	0x541254
	0x32e6dd
	0x30ca8d
	0x3a1ffb
	0x3bd44c
	0x39b2e6
	0x36d321
	0x36e1d4
	0x795254
	0x79080b
	0x7ad0ea
	0x55b118
	0x56311d
	0x549518
	0x5496d9
	0x533a68
	0x75be5d49
	0x7726d5db
	0x7726d561

2026-01-08 16:00:51 - INFO: ---スクリプトを終了します。ブラウザは開いたまま残ります。---
2026-01-08 16:01:03 - INFO: --- 起動 ---
2026-01-08 16:01:03 - INFO: ChromeDriverの確認を開始...
2026-01-08 16:01:07 - INFO: ChromeDriverパス: C:\Users\user\.wdm\drivers\chromedriver\win64\143.0.7499.192\chromedriver-win32/chromedriver.exe
2026-01-08 16:01:50 - ERROR: 予期せぬエラーが発生しました: Message: no such window: target window already closed
from unknown error: web view not found
  (Session info: chrome=143.0.7499.170)
Stacktrace:
Symbols not available. Dumping unresolved backtrace:
	0x541213
	0x541254
	0x32e6dd
	0x30ca8d
	0x3a1ffb
	0x3bd44c
	0x39b2e6
	0x36d321
	0x36e1d4
	0x795254
	0x79080b
	0x7ad0ea
	0x55b118
	0x56311d
	0x549518
	0x5496d9
	0x533a68
	0x75be5d49
	0x7726d5db
	0x7726d561

2026-01-08 16:01:50 - ERROR: Unexpected error trace:
Traceback (most recent call last):
  File "pochiNavi.py", line 154, in <module>
    wait.until(EC.presence_of_element_located((By.TAG_NAME, "body")))
    ~~~~~~~~~~^^^^^^^^^^^^^^^^^^^^^^^^^^^^^^^^^^^^^^^^^^^^^^^^^^^^^^^
  File "selenium\webdriver\support\wait.py", line 129, in until
  File "selenium\webdriver\support\expected_conditions.py", line 104, in _predicate
  File "selenium\webdriver\remote\webdriver.py", line 926, in find_element
  File "selenium\webdriver\remote\webdriver.py", line 458, in execute
  File "selenium\webdriver\remote\errorhandler.py", line 233, in check_response
selenium.common.exceptions.NoSuchWindowException: Message: no such window: target window already closed
from unknown error: web view not found
  (Session info: chrome=143.0.7499.170)
Stacktrace:
Symbols not available. Dumping unresolved backtrace:
	0x541213
	0x541254
	0x32e6dd
	0x30ca8d
	0x3a1ffb
	0x3bd44c
	0x39b2e6
	0x36d321
	0x36e1d4
	0x795254
	0x79080b
	0x7ad0ea
	0x55b118
	0x56311d
	0x549518
	0x5496d9
	0x533a68
	0x75be5d49
	0x7726d5db
	0x7726d561

2026-01-08 16:01:50 - INFO: ---スクリプトを終了します。ブラウザは開いたまま残ります。---
2026-01-08 16:02:26 - INFO: --- 起動 ---
2026-01-08 16:02:26 - INFO: ChromeDriverの確認を開始...
2026-01-08 16:02:30 - INFO: ChromeDriverパス: C:\Users\user\.wdm\drivers\chromedriver\win64\143.0.7499.192\chromedriver-win32/chromedriver.exe
2026-01-08 16:02:54 - ERROR: 予期せぬエラーが発生しました: Message: no such window: target window already closed
from unknown error: web view not found
  (Session info: chrome=143.0.7499.170)
Stacktrace:
Symbols not available. Dumping unresolved backtrace:
	0x541213
	0x541254
	0x32e6dd
	0x30ca8d
	0x3a1ffb
	0x3bd44c
	0x39b2e6
	0x36d321
	0x36e1d4
	0x795254
	0x79080b
	0x7ad0ea
	0x55b118
	0x56311d
	0x549518
	0x5496d9
	0x533a68
	0x75be5d49
	0x7726d5db
	0x7726d561

2026-01-08 16:02:54 - ERROR: Unexpected error trace:
Traceback (most recent call last):
  File "pochiNavi.py", line 154, in <module>
    wait.until(EC.presence_of_element_located((By.TAG_NAME, "body")))
    ~~~~~~~~~~^^^^^^^^^^^^^^^^^^^^^^^^^^^^^^^^^^^^^^^^^^^^^^^^^^^^^^^
  File "selenium\webdriver\support\wait.py", line 129, in until
  File "selenium\webdriver\support\expected_conditions.py", line 104, in _predicate
  File "selenium\webdriver\remote\webdriver.py", line 926, in find_element
  File "selenium\webdriver\remote\webdriver.py", line 458, in execute
  File "selenium\webdriver\remote\errorhandler.py", line 233, in check_response
selenium.common.exceptions.NoSuchWindowException: Message: no such window: target window already closed
from unknown error: web view not found
  (Session info: chrome=143.0.7499.170)
Stacktrace:
Symbols not available. Dumping unresolved backtrace:
	0x541213
	0x541254
	0x32e6dd
	0x30ca8d
	0x3a1ffb
	0x3bd44c
	0x39b2e6
	0x36d321
	0x36e1d4
	0x795254
	0x79080b
	0x7ad0ea
	0x55b118
	0x56311d
	0x549518
	0x5496d9
	0x533a68
	0x75be5d49
	0x7726d5db
	0x7726d561

2026-01-08 16:02:54 - INFO: ---スクリプトを終了します。ブラウザは開いたまま残ります。---
2026-01-09 10:04:43 - INFO: --- 起動 ---
2026-01-09 10:04:43 - INFO: ChromeDriverの確認を開始...
2026-01-09 10:04:51 - INFO: ChromeDriverパス: C:\Users\user\.wdm\drivers\chromedriver\win64\143.0.7499.192\chromedriver-win32/chromedriver.exe
2026-01-09 10:04:57 - INFO: ログインに成功しました。
2026-01-09 10:04:57 - INFO: ---スクリプトを終了します。ブラウザは開いたまま残ります。---
2026-01-09 15:49:27 - INFO: --- 起動 ---
2026-01-09 15:49:27 - INFO: ChromeDriverの確認を開始...
2026-01-09 15:49:31 - INFO: ChromeDriverパス: C:\Users\user\.wdm\drivers\chromedriver\win64\143.0.7499.192\chromedriver-win32/chromedriver.exe
2026-01-09 15:51:06 - INFO: ログインに成功しました。
2026-01-09 15:51:06 - INFO: ---スクリプトを終了します。ブラウザは開いたまま残ります。---
2026-01-13 15:59:00 - INFO: --- 起動 ---
2026-01-13 15:59:00 - INFO: ChromeDriverの確認を開始...
2026-01-13 15:59:07 - INFO: ChromeDriverパス: C:\Users\user\.wdm\drivers\chromedriver\win64\143.0.7499.192\chromedriver-win32/chromedriver.exe
2026-01-13 15:59:13 - INFO: ログインに成功しました。
2026-01-13 15:59:13 - INFO: ---スクリプトを終了します。ブラウザは開いたまま残ります。---
2026-01-15 15:53:07 - INFO: --- 起動 ---
2026-01-15 15:53:07 - INFO: ChromeDriverの確認を開始...
2026-01-15 15:53:15 - INFO: ChromeDriverパス: C:\Users\user\.wdm\drivers\chromedriver\win64\143.0.7499.192\chromedriver-win32/chromedriver.exe
2026-01-15 15:53:22 - INFO: ログインに成功しました。
2026-01-15 15:53:22 - INFO: ---スクリプトを終了します。ブラウザは開いたまま残ります。---
2026-01-16 15:59:12 - INFO: --- 起動 ---
2026-01-16 15:59:12 - INFO: ChromeDriverの確認を開始...
2026-01-16 15:59:20 - INFO: ChromeDriverパス: C:\Users\user\.wdm\drivers\chromedriver\win64\143.0.7499.192\chromedriver-win32/chromedriver.exe
2026-01-16 15:59:27 - INFO: ログインに成功しました。
2026-01-16 15:59:27 - INFO: ---スクリプトを終了します。ブラウザは開いたまま残ります。---
2026-01-19 15:55:17 - INFO: --- 起動 ---
2026-01-19 15:55:17 - INFO: ChromeDriverの確認を開始...
2026-01-19 15:55:31 - INFO: ChromeDriverパス: C:\Users\user\.wdm\drivers\chromedriver\win64\143.0.7499.192\chromedriver-win32/chromedriver.exe
2026-01-19 15:55:37 - INFO: ログインに成功しました。
2026-01-19 15:55:37 - INFO: ---スクリプトを終了します。ブラウザは開いたまま残ります。---
2026-01-20 15:38:41 - INFO: --- 起動 ---
2026-01-20 15:38:41 - INFO: ChromeDriverの確認を開始...
2026-01-20 15:38:49 - INFO: ChromeDriverパス: C:\Users\user\.wdm\drivers\chromedriver\win64\143.0.7499.192\chromedriver-win32/chromedriver.exe
2026-01-20 15:38:55 - INFO: ログインに成功しました。
2026-01-20 15:38:55 - INFO: ---スクリプトを終了します。ブラウザは開いたまま残ります。---
2026-01-20 15:53:39 - INFO: --- 起動 ---
2026-01-20 15:53:39 - INFO: ChromeDriverの確認を開始...
2026-01-20 15:53:43 - INFO: ChromeDriverパス: C:\Users\user\.wdm\drivers\chromedriver\win64\143.0.7499.192\chromedriver-win32/chromedriver.exe
2026-01-20 15:53:52 - INFO: ログインに成功しました。
2026-01-20 15:53:52 - INFO: ---スクリプトを終了します。ブラウザは開いたまま残ります。---
2026-01-21 16:00:11 - INFO: --- 起動 ---
2026-01-21 16:00:11 - INFO: ChromeDriverの確認を開始...
2026-01-21 16:01:05 - INFO: --- 起動 ---
2026-01-21 16:01:05 - INFO: ChromeDriverの確認を開始...
2026-01-21 16:01:22 - INFO: ChromeDriverパス: C:\Users\user\.wdm\drivers\chromedriver\win64\143.0.7499.192\chromedriver-win32/chromedriver.exe
2026-01-21 16:01:24 - INFO: ChromeDriverパス: C:\Users\user\.wdm\drivers\chromedriver\win64\143.0.7499.192\chromedriver.exe
2026-01-21 16:01:29 - INFO: ログインに成功しました。
2026-01-21 16:01:29 - INFO: ---スクリプトを終了します。ブラウザは開いたまま残ります。---
2026-01-21 16:01:29 - INFO: ログインに成功しました。
2026-01-21 16:01:29 - INFO: ---スクリプトを終了します。ブラウザは開いたまま残ります。---
2026-01-22 15:54:59 - INFO: --- 起動 ---
2026-01-22 15:54:59 - INFO: ChromeDriverの確認を開始...
2026-01-22 15:55:10 - INFO: ChromeDriverパス: C:\Users\user\.wdm\drivers\chromedriver\win64\143.0.7499.192\chromedriver-win32/chromedriver.exe
2026-01-22 15:55:18 - INFO: ログインに成功しました。
2026-01-22 15:55:18 - INFO: ---スクリプトを終了します。ブラウザは開いたまま残ります。---
2026-01-23 15:57:29 - INFO: --- 起動 ---
2026-01-23 15:57:29 - INFO: ChromeDriverの確認を開始...
2026-01-23 15:57:48 - INFO: ChromeDriverパス: C:\Users\user\.wdm\drivers\chromedriver\win64\143.0.7499.192\chromedriver-win32/chromedriver.exe
2026-01-23 15:57:55 - INFO: ログインに成功しました。
2026-01-23 15:57:55 - INFO: ---スクリプトを終了します。ブラウザは開いたまま残ります。---
2026-01-26 15:53:13 - INFO: --- 起動 ---
2026-01-26 15:53:13 - INFO: ChromeDriverの確認を開始...
2026-01-26 15:53:26 - INFO: ChromeDriverパス: C:\Users\user\.wdm\drivers\chromedriver\win64\143.0.7499.192\chromedriver-win32/chromedriver.exe
2026-01-26 15:53:33 - INFO: ログインに成功しました。
2026-01-26 15:53:33 - INFO: ---スクリプトを終了します。ブラウザは開いたまま残ります。---
2026-01-27 15:55:43 - INFO: --- 起動 ---
2026-01-27 15:55:43 - INFO: ChromeDriverの確認を開始...
2026-01-27 15:55:52 - INFO: ChromeDriverパス: C:\Users\user\.wdm\drivers\chromedriver\win64\143.0.7499.192\chromedriver-win32/chromedriver.exe
2026-01-27 15:55:58 - INFO: ログインに成功しました。
2026-01-27 15:55:58 - INFO: ---スクリプトを終了します。ブラウザは開いたまま残ります。---
2026-01-28 15:57:13 - INFO: --- 起動 ---
2026-01-28 15:57:13 - INFO: ChromeDriverの確認を開始...
2026-01-28 15:57:21 - INFO: ChromeDriverパス: C:\Users\user\.wdm\drivers\chromedriver\win64\143.0.7499.192\chromedriver-win32/chromedriver.exe
2026-01-28 15:57:26 - INFO: ログインに成功しました。
2026-01-28 15:57:26 - INFO: ---スクリプトを終了します。ブラウザは開いたまま残ります。---
2026-01-29 16:01:32 - INFO: --- 起動 ---
2026-01-29 16:01:32 - INFO: ChromeDriverの確認を開始...
2026-01-29 16:01:39 - INFO: ChromeDriverパス: C:\Users\user\.wdm\drivers\chromedriver\win64\144.0.7559.109\chromedriver-win32/chromedriver.exe
2026-01-29 16:01:44 - INFO: ログインに成功しました。
2026-01-29 16:01:44 - INFO: ---スクリプトを終了します。ブラウザは開いたまま残ります。---
2026-01-30 15:59:47 - INFO: --- 起動 ---
2026-01-30 15:59:47 - INFO: ChromeDriverの確認を開始...
2026-01-30 16:00:06 - INFO: ChromeDriverパス: C:\Users\user\.wdm\drivers\chromedriver\win64\144.0.7559.109\chromedriver-win32/chromedriver.exe
2026-01-30 16:00:12 - INFO: ログインに成功しました。
2026-01-30 16:00:12 - INFO: ---スクリプトを終了します。ブラウザは開いたまま残ります。---
2026-02-06 16:06:31 - INFO: --- 起動 ---
2026-02-06 16:06:31 - INFO: ChromeDriverの確認を開始...
2026-02-06 16:06:39 - INFO: ChromeDriverパス: C:\Users\user\.wdm\drivers\chromedriver\win64\144.0.7559.133\chromedriver-win32/chromedriver.exe
2026-02-06 16:06:45 - INFO: ログインに成功しました。
2026-02-06 16:06:45 - INFO: ---スクリプトを終了します。ブラウザは開いたまま残ります。---
